Loading module Cryptol
Loading module Cryptol
Loading module [T002.cry]
0x03
