Loading module Cryptol
Loading module Cryptol
Loading module [T003.cry]
0x2b
