Loading module Cryptol
Loading module Cryptol
Loading module Main

[error] at T013.cry:6:30--6:31
    • Expected an interface
    • `submodule Main::A` is a module
