Loading module Cryptol
Loading module Cryptol
Loading interface module T1__parameter
Loading module T1

Expression depends on definitions from a parameterized module:
  T1::y
