Loading module Cryptol
Loading module Cryptol
Loading module [T025.cry]
0x0b
