Loading module Cryptol
Loading module Cryptol
Loading module PrimeEC
Loading module NISTCurves
property p192_valid_curve Using exhaustive testing.
Testing... Passed 1 tests.
Q.E.D.
property p224_valid_curve Using exhaustive testing.
Testing... Passed 1 tests.
Q.E.D.
property p256_valid_curve Using exhaustive testing.
Testing... Passed 1 tests.
Q.E.D.
property p384_valid_curve Using exhaustive testing.
Testing... Passed 1 tests.
Q.E.D.
property p521_valid_curve Using exhaustive testing.
Testing... Passed 1 tests.
Q.E.D.
Loading module Cryptol
Loading module PrimeEC
Loading module NISTCurves
Loading module Main
property p192_keypair_test Using exhaustive testing.
Testing... Passed 1 tests.
Q.E.D.
property p224_keypair_test Using exhaustive testing.
Testing... Passed 1 tests.
Q.E.D.
property p256_keypair_test Using exhaustive testing.
Testing... Passed 1 tests.
Q.E.D.
property p384_keypair_test Using exhaustive testing.
Testing... Passed 1 tests.
Q.E.D.
property p521_keypair_test Using exhaustive testing.
Testing... Passed 1 tests.
Q.E.D.
