Loading module Cryptol
Loading module Cryptol
Loading module PrimeEC
Loading module NISTCurves
property p192_valid_curve Using exhaustive testing.
Testing... Passed 1 tests.
Q.E.D.
property p224_valid_curve Using exhaustive testing.
Testing... Passed 1 tests.
Q.E.D.
property p256_valid_curve Using exhaustive testing.
Testing... Passed 1 tests.
Q.E.D.
property p384_valid_curve Using exhaustive testing.
Testing... Passed 1 tests.
Q.E.D.
property p521_valid_curve Using exhaustive testing.
Testing... Passed 1 tests.
Q.E.D.
Loading module Cryptol
Loading module PrimeEC
Loading module NISTCurves
Loading module SuiteB
Loading module Main
property p224_sha224_siggen Using exhaustive testing.
Testing... Passed 1 tests.
Q.E.D.
property p224_sha256_siggen Using exhaustive testing.
Testing... Passed 1 tests.
Q.E.D.
property p224_sha384_siggen Using exhaustive testing.
Testing... Passed 1 tests.
Q.E.D.
property p224_sha512_siggen Using exhaustive testing.
Testing... Passed 1 tests.
Q.E.D.
property p256_sha224_siggen Using exhaustive testing.
Testing... Passed 1 tests.
Q.E.D.
property p256_sha256_siggen Using exhaustive testing.
Testing... Passed 1 tests.
Q.E.D.
property p256_sha384_siggen Using exhaustive testing.
Testing... Passed 1 tests.
Q.E.D.
property p256_sha512_siggen Using exhaustive testing.
Testing... Passed 1 tests.
Q.E.D.
property p384_sha224_siggen Using exhaustive testing.
Testing... Passed 1 tests.
Q.E.D.
property p384_sha256_siggen Using exhaustive testing.
Testing... Passed 1 tests.
Q.E.D.
property p384_sha384_siggen Using exhaustive testing.
Testing... Passed 1 tests.
Q.E.D.
property p384_sha512_siggen Using exhaustive testing.
Testing... Passed 1 tests.
Q.E.D.
property p521_sha224_siggen Using exhaustive testing.
Testing... Passed 1 tests.
Q.E.D.
property p521_sha256_siggen Using exhaustive testing.
Testing... Passed 1 tests.
Q.E.D.
property p521_sha384_siggen Using exhaustive testing.
Testing... Passed 1 tests.
Q.E.D.
property p521_sha512_siggen Using exhaustive testing.
Testing... Passed 1 tests.
Q.E.D.
