Loading module Cryptol
Loading module Cryptol
Loading module SuiteB
Loading module Main
property sha256_mct_correct Using exhaustive testing.
Testing... Passed 1 tests.
Q.E.D.
