Loading module Cryptol
Loading module Cryptol
Loading module T16_M
Loading module [T16.cry]

[error] at T16.cry:2:1--2:19
    Module not in scope: A
