Loading module Cryptol
Loading module Cryptol
Loading interface module T9::A__parameter
Loading module T9::A
Loading module T9::Main
main : [16]
0x1010
