Loading module Cryptol
Loading module Cryptol
Loading module [check17.cry]
True
