Loading module Cryptol
Loading module Cryptol
Loading module [check16-tab.cry]
True
