Loading module Cryptol
Loading module Cryptol
Loading module Main
[0x00000000, 0x00000001, 0x00000003, 0x00000006, 0x0000000a,
 0x0000000f, 0x00000015, 0x0000001c, 0x00000024, 0x0000002d]
True
