Loading module Cryptol
Loading module Cryptol
Loading module Main
0x00
0x00
True
True
True
