Loading module Cryptol
Loading module Cryptol
Loading module [check01.cry]
[0x00000007, 0x00000014]
True
