Loading module Cryptol
Loading module Cryptol
Loading module Main
True
False
False
True
