Loading module Cryptol
Loading module Cryptol
Loading module PrimeEC
Loading module Main
property twin_mult_zro Using exhaustive testing.
Testing... Passed 49 tests.
Q.E.D.
property twin_mult_zro1 Using exhaustive testing.
Testing... Passed 16807 tests.
Q.E.D.
property twin_mult_zro2 Using exhaustive testing.
Testing... Passed 16807 tests.
Q.E.D.
property twin_mult_same Using exhaustive testing.
Testing... Passed 16807 tests.
Q.E.D.
property twin_mult_neg Using exhaustive testing.
Testing... Passed 16807 tests.
Q.E.D.
