Loading module Cryptol
Loading module Cryptol
Loading module [issue130.cry]
Using exhaustive testing.
Testing... Passed 8 tests.
Q.E.D.
Q.E.D.
