Loading module Cryptol
0
0
1
1
9223372036854775807
9223372036854775807
-1
-1
-9223372036854775808
-9223372036854775808

Run-time error: undefined
-- Backtrace --
Cryptol::error called at Cryptol:1062:13--1062:18
Cryptol::undefined called at issue1249.icry:16:14--16:23
Cryptol::deepseq called at issue1249.icry:16:1--16:8
Run-time error: undefined
