Loading module Cryptol

operation can not be supported on symbolic values: integer exponentiation
Unsatisfiable
Counterexample

operation can not be supported on symbolic values: integer exponentiation
Unsatisfiable
Counterexample
