Loading module Cryptol
Loading module Cryptol
Loading module Main
property t0 Using exhaustive testing.
Testing... Passed 1 tests.
Q.E.D.
property t1 Using random testing.
Testing... Passed 100 tests.
Expected test coverage: 0.00% (100 of 2^^32 values)
property t2 Using random testing.
Testing... Passed 100 tests.
Expected test coverage: 0.00% (100 of 2^^64 values)
property f0 Using exhaustive testing.
Testing... f0 = False
:prove t0
	Q.E.D.
:prove t1
	Q.E.D.
:prove t2
	Q.E.D.
:prove f0
	Counterexample
f0 = False
:sat t0
	Satisfiable
t0 = True
:sat t1
	Satisfiable
t1 0x00000000 = True
:sat t2
	Satisfiable
t2 0xfffffffe 0xffffffff = True
:sat f0
	Unsatisfiable
