Loading module Cryptol
Loading module Cryptol
Loading module [issue1441_a.rst]
(0x01, 0x02, 0x03, 0x4)
