Loading module Cryptol
Loading module Cryptol
Loading module Main
0x61800000000000000000000000000000000000000000000000000000000000000000000000000000000000000000000000000000000000000000000000000008
0x61800000000000000000000000000000000000000000000000000000000000000000000000000000000000000000000000000000000000000000000000000008
