Loading module Cryptol

Run-time error: undefined
-- Backtrace --
Cryptol::error called at Cryptol:964:13--964:18
Cryptol::undefined called at issue103.icry:1:9--1:18
Using exhaustive testing.
Testing... ERROR for the following inputs:
(f : () -> Bit) () ~> ERROR
invalid sequence index: 1
-- Backtrace --
(Cryptol::@) called at issue103.icry:2:11--2:21
<interactive>::f called at issue103.icry:3:9--3:10
<interactive>::it called at issue103.icry:3:8--3:23
