Loading module Cryptol
Loading module Cryptol
Loading module [issue128.cry]
Using exhaustive testing.
Testing... Passed 1 tests.
Q.E.D.
Q.E.D.
