Loading module Cryptol
Loading module Cryptol
Loading module [issue185.cry]
