Loading module Cryptol
Loading module Cryptol
Loading module [issue141.cry]
