Loading module Cryptol
Loading module Cryptol
Loading module Main
Using exhaustive testing.
Testing... Passed 256 tests.
Q.E.D.
Q.E.D.
