Loading module Cryptol
0xf7e937b5
[0xd4d4cc91cd7a9857, 0x4f3d263304e8ca85, 0x6723eafdcc46836f,
 0x20e6c946662f2183, 0x6a760db62889b212, ...]
[[0x01, 0x83, 0x5f, 0x2e, 0xd1, 0x1a, 0x00, 0x1f, 0xfe, 0x55, 0xc8,
  0x96, 0xcd, 0xe5, 0x9e, 0xca, 0xd9, 0xaa, 0x8a, 0x89, 0x06, 0xbd,
  0x70, 0x40, 0xa7, 0x3b, 0xad, 0x8e, 0x8b, 0xe8, 0x6b, 0x5f],
 [0xb1, 0xda, 0x11, 0x71, 0x9f, 0x42, 0x2e, 0x83, 0x42, 0xe3, 0x05,
  0xab, 0xee, 0x00, 0x68, 0xdb, 0x82, 0x5e, 0xa5, 0xd7, 0x3c, 0x76,
  0x99, 0xb9, 0xc2, 0xd9, 0xef, 0x44, 0x68, 0x95, 0x9b, 0x4d],
 [0x2b, 0xd2, 0x62, 0xe8, 0x70, 0x78, 0xc4, 0x35, 0x5b, 0xb9, 0x71,
  0xbb, 0xb9, 0x03, 0x8d, 0x2b, 0x9b, 0xb5, 0xfb, 0x4b, 0x77, 0xf1,
  0xed, 0xa9, 0x6a, 0x7b, 0xc7, 0xda, 0xdd, 0x03, 0x12, 0x3d],
 [0x61, 0xf0, 0xcb, 0x95, 0xf8, 0xe5, 0x39, 0x11, 0xd8, 0xf7, 0x14,
  0xc1, 0x40, 0xf1, 0x13, 0x1b, 0xb4, 0x6a, 0x39, 0x62, 0x17, 0x4b,
  0x8c, 0x8b, 0x1b, 0x7d, 0x25, 0x58, 0x50, 0xb5, 0x40, 0x72],
 [0xb3, 0x00, 0x08, 0x2b, 0xfa, 0x02, 0xf6, 0x85, 0xa7, 0x74, 0x37,
  0x49, 0xa4, 0x2d, 0x73, 0x0e, 0x64, 0x2d, 0xdd, 0x6b, 0xd2, 0x29,
  0x9b, 0xda, 0xe8, 0xcc, 0x79, 0x43, 0x89, 0xbf, 0x6d, 0xeb],
 [0xf0, 0x8d, 0x56, 0x19, 0x57, 0xb8, 0x39, 0xdb, 0x29, 0x3d, 0x4e,
  0xeb, 0x4a, 0xed, 0x3f, 0x76, 0x2b, 0xc7, 0x50, 0x5a, 0x5b, 0xc2,
  0xa8, 0x26, 0xe3, 0xe2, 0x14, 0x80, 0xd1, 0xd8, 0x74, 0xc2],
 [0x1a, 0x41, 0x81, 0xa1, 0x4c, 0xe7, 0xef, 0xf7, 0x97, 0xa5, 0x41,
  0x12, 0xaf, 0x77, 0xf6, 0xe8, 0x94, 0xc4, 0xc7, 0x26, 0x9a, 0x4b,
  0xfa, 0x69, 0xf0, 0xe5, 0xc3, 0x24, 0xad, 0xf7, 0x40, 0x75],
 [0xd7, 0x0a, 0xfb, 0x21, 0xb9, 0xe1, 0x24, 0x8b, 0xca, 0x00, 0x63,
  0xb9, 0x44, 0xe6, 0xf0, 0xc9, 0xf1, 0x97, 0x52, 0xec, 0x2c, 0xdc,
  0x37, 0x50, 0xe5, 0xa7, 0xe3, 0xed, 0x82, 0x1e, 0xd3, 0xb1],
 [0x21, 0x74, 0x26, 0x24, 0x9b, 0x2f, 0x1e, 0xec, 0x3b, 0x0e, 0x7e,
  0x00, 0x2e, 0xc1, 0x1a, 0x6d, 0x80, 0x50, 0xd8, 0xc8, 0x93, 0x18,
  0xae, 0x1f, 0x31, 0xa8, 0x3d, 0x69, 0xbd, 0x29, 0xee, 0xe5],
 [0x11, 0x52, 0x88, 0xe8, 0x22, 0xae, 0x28, 0x0c, 0x8c, 0xb3, 0x28,
  0x9c, 0xc2, 0xdf, 0x90, 0x7f, 0x6a, 0x0c, 0xc4, 0x38, 0xcc, 0x50,
  0x1b, 0x0a, 0xef, 0x41, 0x7b, 0x28, 0xb4, 0xfe, 0x79, 0x8e],
 [0x92, 0xfa, 0x34, 0x31, 0xca, 0x26, 0xe6, 0x64, 0x41, 0x86, 0xd0,
  0x0e, 0x5e, 0x20, 0xc8, 0xd9, 0x57, 0xf1, 0xfc, 0xa4, 0x2b, 0xbb,
  0x3a, 0x14, 0x79, 0x80, 0x38, 0x87, 0x28, 0xf1, 0xed, 0xa0],
 [0x2f, 0x03, 0xe9, 0xbe, 0x00, 0xd9, 0x54, 0x8d, 0xa7, 0x94, 0xb7,
  0x74, 0x70, 0x42, 0xa5, 0x99, 0xc8, 0x91, 0x0b, 0x1e, 0x97, 0xc1,
  0x63, 0x12, 0x04, 0x0a, 0xa3, 0x9e, 0x45, 0xc3, 0x8d, 0x74],
 [0x27, 0x82, 0x01, 0x5b, 0x21, 0xb2, 0xfb, 0x92, 0x13, 0x6e, 0xad,
  0x72, 0xd8, 0xe6, 0x25, 0x55, 0xcb, 0x05, 0x45, 0x27, 0x5e, 0x42,
  0x50, 0x5f, 0xc2, 0x4f, 0x11, 0xa3, 0x04, 0x5b, 0x58, 0x17],
 [0xa4, 0x5b, 0xd2, 0x61, 0x23, 0xfa, 0xd6, 0xb4, 0xf7, 0xde, 0x87,
  0xbe, 0x62, 0x00, 0x63, 0x3d, 0x89, 0x9c, 0x0f, 0xa9, 0x59, 0xc4,
  0x51, 0x36, 0x04, 0x6f, 0x2d, 0x1c, 0x3d, 0xd2, 0x10, 0x2b],
 [0x63, 0x01, 0x51, 0x26, 0xef, 0x1e, 0xe7, 0x91, 0x68, 0x75, 0xb3,
  0xe2, 0xc9, 0xd8, 0xd9, 0xf5, 0xb0, 0xe8, 0xcd, 0xed, 0x98, 0x60,
  0xac, 0x7e, 0xf6, 0x05, 0x14, 0xdd, 0xd3, 0x20, 0xdb, 0x1e],
 [0xfc, 0xc1, 0x39, 0x4c, 0xa6, 0xb4, 0x5e, 0x57, 0xe4, 0x6b, 0xd3,
  0x3d, 0x2f, 0x71, 0x71, 0x75, 0xdc, 0x5e, 0xdd, 0x7a, 0xbb, 0x77,
  0xe0, 0x2e, 0x85, 0xd7, 0xc8, 0x26, 0x81, 0x93, 0xb4, 0x79]]
(0xf7e937b5, 0x2b34)
{x = 0x5a314507, y = 0x83aa}
0x00000000
0xfb6686b9c4f59cf7b40ee8b5e1978175f59b0d83b1b401df99f4d8f0a0a4a011
