Loading module Cryptol
Loading module Cryptol
Loading module Main
0x07
