Loading module Cryptol
Loading module Cryptol
Loading module Main
δοκιμή : [8]
テスト : [8]
