Loading module Cryptol
Loading module Cryptol
Loading module Float
Loading module Main
Loading dynamic library abstract-ffi-basics.so
False
0x01
0x0001
0x00000001
0x0000000000000001
0x01
0x0001
0x00000001
0x0000000000000001
42
-42
(ratio 2 5)
0x1.8
0x1.8
[0x00, 0x01, 0x02, 0x03, 0x04, 0x05, 0x06, 0x07, 0x08, 0x09, 0x0a,
 0x0b, 0x0c, 0x0d, 0x0e, 0x0f]
{}
{x = 0x00}
{x = 0x00, y = 0x0001}
()
(0x00, 0x0001)
{unN = 0x01}
None
Some 0x01
Ok 0x0001
Err 0x00000002
0x03
